Found engine directory: /home/redgrain/Dev/Zeytin/engine
Using headers directory: /home/redgrain/Dev/Zeytin/engine/include
Using source directory: /home/redgrain/Dev/Zeytin/engine/source
Using shared resources directory: /home/redgrain/Dev/Zeytin/shared_resources
Processing 26 header files...
Skipping file (PP_SKIP found): /home/redgrain/Dev/Zeytin/engine/include/game/gamesnophot.h
Analyzing implementation files for dependencies...
RTTR header file unchanged, skipping: /home/redgrain/Dev/Zeytin/engine/include/game/generated/rttr_registration.h
Requirements file unchanged, skipping: /home/redgrain/Dev/Zeytin/shared_resources/variants/requires/HelpText.requires
Requirements file unchanged, skipping: /home/redgrain/Dev/Zeytin/shared_resources/variants/requires/Obstacle.requires
Requirements file unchanged, skipping: /home/redgrain/Dev/Zeytin/shared_resources/variants/requires/Bomb.requires
Requirements file unchanged, skipping: /home/redgrain/Dev/Zeytin/shared_resources/variants/requires/Bullet.requires
Requirements file unchanged, skipping: /home/redgrain/Dev/Zeytin/shared_resources/variants/requires/Diffuser.requires
Requirements file unchanged, skipping: /home/redgrain/Dev/Zeytin/shared_resources/variants/requires/Enemy.requires
Requirements file unchanged, skipping: /home/redgrain/Dev/Zeytin/shared_resources/variants/requires/Player.requires
Requirements file unchanged, skipping: /home/redgrain/Dev/Zeytin/shared_resources/variants/requires/Collider.requires
Requirements file unchanged, skipping: /home/redgrain/Dev/Zeytin/shared_resources/variants/requires/RewindEffect.requires
Requirements files written to /home/redgrain/Dev/Zeytin/shared_resources/variants/requires
Building configurations...
Running action 'gmake'...
Done (31ms).
==== Building Zeytin (editor_mode) ====
application.cpp
from_json.cpp
zeytin.cpp
background.cpp
bomb.cpp
bullet.cpp
collider.cpp
countdown.cpp
crt_effect.cpp
diffuser.cpp
end_game.cpp
enemy.cpp
game_manager.cpp
help_text.cpp
objective_arrow.cpp
obstacle.cpp
player.cpp
retry.cpp
rewind_effect.cpp
start_menu.cpp
time_controller.cpp
time_stopped_indicator.cpp
Linking Zeytin
Changed directory to: /home/redgrain/Dev/Zeytin/engine/scripts
Running parser...
Parser command: python3 parser2.py
Changed directory to: /home/redgrain/Dev/Zeytin/engine
Running premake5...
Changed directory to: /home/redgrain/Dev/Zeytin/engine/build
Running make with 16 jobs...
Make command: make -j16
